// Jest Snapshot v1, https://goo.gl/fbAQLP

exports[`<ImagesIndex /> renders correctly 1`] = `
<div
  className="ImagesIndex"
>
  <InfiniteScroll
    element="div"
    getScrollParent={null}
    hasMore={true}
    initialLoad={false}
    isReverse={false}
    loadMore={[Function]}
    loader={null}
    pageStart={0}
    ref={null}
    threshold={250}
    useCapture={false}
    useWindow={true}
  >
    <Gallery
      images={Array []}
    />
  </InfiniteScroll>
</div>
`;
