// Jest Snapshot v1, https://goo.gl/fbAQLP

exports[`<ImagesIndex /> renders correctly 1`] = `
<ImagesIndex
  activeTeam={
    Object {
      "id": "2dedf601-f0bf-4290-ac3c-f5761234d068",
      "members": Array [
        Object {
          "email": "test@example.com",
          "id": "f1bc8f40-7698-4df7-b410-efac1f1a03d2",
          "username": "test_user",
        },
      ],
      "name": "odio expedita aut",
    }
  }
  dispatch={[Function]}
  location={
    Object {
      "search": " ",
    }
  }
>
  <div
    className="ImagesIndex"
  >
    <InfiniteScroll
      element="div"
      getScrollParent={null}
      hasMore={true}
      initialLoad={false}
      isReverse={false}
      loadMore={[Function]}
      loader={null}
      pageStart={0}
      ref={null}
      threshold={250}
      useCapture={false}
      useWindow={true}
    >
      <div>
        <Gallery
          images={Array []}
        >
          <div
            className="Gallery"
          />
        </Gallery>
      </div>
    </InfiniteScroll>
  </div>
</ImagesIndex>
`;
