// Jest Snapshot v1, https://goo.gl/fbAQLP

exports[`<ImagesIndex /> renders correctly 1`] = `
<ImagesIndex
  activeTeam={
    Object {
      "id": "2dedf601-f0bf-4290-ac3c-f5761234d068",
      "joinKey": "bbaf37e7-6d47-45e3-8538-a20a48920ed7",
      "members": Array [
        Object {
          "email": "test@example.com",
          "hasPassword": true,
          "id": "f1bc8f40-7698-4df7-b410-efac1f1a03d2",
          "username": "test_user",
        },
      ],
      "name": "odio expedita aut",
    }
  }
  dispatch={[Function]}
  location={
    Object {
      "search": " ",
    }
  }
>
  <ActivityIndicator
    centered={true}
    className=""
    text="Loading images..."
  >
    <div
      className="ActivityIndicator -centered"
    >
      <MdCropSquare
        className="ActivityIndicator__spinner"
      >
        <IconBase
          attr={
            Object {
              "viewBox": "0 0 24 24",
            }
          }
          className="ActivityIndicator__spinner"
        >
          <svg
            className="ActivityIndicator__spinner"
            fill="currentColor"
            height="1em"
            stroke="currentColor"
            strokeWidth="0"
            style={
              Object {
                "color": undefined,
              }
            }
            viewBox="0 0 24 24"
            width="1em"
            xmlns="http://www.w3.org/2000/svg"
          >
            <path
              d="M18 4H6c-1.1 0-2 .9-2 2v12c0 1.1.9 2 2 2h12c1.1 0 2-.9 2-2V6c0-1.1-.9-2-2-2zm0 14H6V6h12v12z"
              key="0"
            />
          </svg>
        </IconBase>
      </MdCropSquare>
      <div
        className="ActivityIndicator__text"
      >
        Loading images...
      </div>
    </div>
  </ActivityIndicator>
</ImagesIndex>
`;
