// Jest Snapshot v1, https://goo.gl/fbAQLP

exports[`<App /> renders correctly 1`] = `
<div
  className="App"
>
  <Connect(FlashMessages) />
  <Connect(OnClickOutside(TeamSidebar)) />
  <Connect(NavBar) />
  <div
    className="App__inner App__inner--with-sidebar"
  >
    <Switch>
      <Redirect
        exact={true}
        from="/"
        push={false}
        to="/images"
      />
      <Route
        component={[Function]}
        path="/upload"
      />
      <Route
        component={[Function]}
        path="/tagging"
      />
      <Route
        component={[Function]}
        path="/images"
      />
      <Route
        component={[Function]}
        path="/presentation"
      />
    </Switch>
  </div>
</div>
`;
