// Jest Snapshot v1, https://goo.gl/fbAQLP

exports[`<NavBar /> renders correctly 1`] = `
<div
  className="NavBar"
>
  <div
    className="NavBar__left"
  >
    <NavLink
      activeClassName="NavBar__item--active"
      aria-current="page"
      className="NavBar__item"
      to="/images"
    >
      <MdImage
        className="NavBar__item__icon"
      />
      Gallery
    </NavLink>
  </div>
  <div
    className="NavBar__search"
  >
    <Connect(Search) />
  </div>
  <div
    className="NavBar__right"
  >
    <NavLink
      activeClassName="NavBar__item--active"
      aria-current="page"
      className="NavBar__item"
      to="/upload"
    >
      <MdCloudUpload
        className="NavBar__item__icon"
      />
      Upload
    </NavLink>
  </div>
</div>
`;
