// Jest Snapshot v1, https://goo.gl/fbAQLP

exports[`<NavBar /> renders correctly 1`] = `
<NavBar>
  <div
    className="NavBar"
  >
    <div
      className="NavBar__inner"
    >
      <div
        className="NavBar__right"
      >
        <div
          className="NavBar__item NavBar__item__presentation-switch"
        >
          <ConnectFunction>
            <PresentationSwitch
              dispatch={[Function]}
              isPresentationModeOn={false}
            >
              <button
                className="PresentationSwitch"
                data-tip="Synchronized Presentation Mode"
                onClick={[Function]}
                type="button"
              >
                <div
                  className="PresentationSwitch__outer"
                >
                  <div
                    className="PresentationSwitch__inner"
                  />
                </div>
              </button>
              <ReactTooltip
                clickable={false}
                effect="solid"
                insecure={true}
                place="bottom"
                resizeHide={true}
                wrapper="div"
              >
                <div
                  className="__react_component_tooltip place-bottom type-dark "
                  data-id="tooltip"
                />
              </ReactTooltip>
            </PresentationSwitch>
          </ConnectFunction>
        </div>
      </div>
    </div>
  </div>
</NavBar>
`;
