// Jest Snapshot v1, https://goo.gl/fbAQLP

exports[`<PresentationSwitch /> renders correctly 1`] = `
<PresentationSwitch
  dispatch={[Function]}
  isPresentationModeOn={false}
>
  <button
    className="PresentationSwitch"
    data-tip="Synchronized Presentation Mode"
    onClick={[Function]}
    type="button"
  >
    <div
      className="PresentationSwitch__outer"
    >
      <div
        className="PresentationSwitch__inner"
      />
    </div>
  </button>
  <ReactTooltip
    effect="solid"
    insecure={true}
    place="bottom"
    resizeHide={true}
    wrapper="div"
  >
    <div
      className="__react_component_tooltip place-bottom type-dark "
      data-id="tooltip"
    />
  </ReactTooltip>
</PresentationSwitch>
`;
