// Jest Snapshot v1, https://goo.gl/fbAQLP

exports[`<PresentationSwitch /> renders correctly 1`] = `
<button
  className="PresentationSwitch"
  data-tip="Turn on Presentation Mode"
  onClick={[Function]}
  type="button"
>
  <div
    className="PresentationSwitch__outer"
  >
    <div
      className="PresentationSwitch__inner"
    />
  </div>
</button>
`;
