// Jest Snapshot v1, https://goo.gl/fbAQLP

exports[`<LoginForm /> renders correctly 1`] = `
<LoginForm
  dispatch={[Function]}
>
  <Form(t)
    className="LoginForm"
    onSubmit={[Function]}
  >
    <t
      className="LoginForm"
      getValues={[Function]}
      hideError={[Function]}
      onSubmit={[Function]}
      showError={[Function]}
      validate={[Function]}
      validateAll={[Function]}
    >
      <form
        className="LoginForm"
        onSubmit={[Function]}
      >
        <h1>
          Login
        </h1>
        <div
          className="form-input"
        >
          <label>
            Email or Username:
            <Control(s)
              data-cy="login-email-input"
              name="email"
              onChange={[Function]}
              type="text"
              validations={Array []}
              value=""
            >
              <s
                data-cy="login-email-input"
                name="email"
                onBlur={[Function]}
                onChange={[Function]}
                type="text"
                value=""
              >
                <div>
                  <input
                    data-cy="login-email-input"
                    name="email"
                    onBlur={[Function]}
                    onChange={[Function]}
                    type="text"
                    value=""
                  />
                </div>
              </s>
            </Control(s)>
          </label>
        </div>
        <div
          className="form-input"
        >
          <label>
            Password:
            <Control(s)
              data-cy="login-password-input"
              name="password"
              onChange={[Function]}
              type="password"
              validations={Array []}
              value=""
            >
              <s
                data-cy="login-password-input"
                name="password"
                onBlur={[Function]}
                onChange={[Function]}
                type="password"
                value=""
              >
                <div>
                  <input
                    data-cy="login-password-input"
                    name="password"
                    onBlur={[Function]}
                    onChange={[Function]}
                    type="password"
                    value=""
                  />
                </div>
              </s>
            </Control(s)>
          </label>
        </div>
        <div>
          <Link
            replace={false}
            to="/register"
          >
            <a
              href="/register"
              onClick={[Function]}
            >
              No account yet? Register here.
            </a>
          </Link>
        </div>
        <div>
          <Button(s)
            data-cy="login-submit-button"
          >
            <s
              data-cy="login-submit-button"
              hasErrors={false}
            >
              <button
                data-cy="login-submit-button"
                disabled={false}
              >
                Submit
              </button>
            </s>
          </Button(s)>
        </div>
      </form>
    </t>
  </Form(t)>
</LoginForm>
`;
