// Jest Snapshot v1, https://goo.gl/fbAQLP

exports[`<FileUpload /> renders correctly 1`] = `
<FileUpload>
  <div
    className="FileUpload"
  >
    <UploadDropzone
      onDrop={[Function]}
    >
      <n
        accept="image/*"
        acceptClassName="Dropzone--accept"
        activeClassName="Dropzone--active"
        className="Dropzone"
        disableClick={false}
        disabled={false}
        disabledClassName="Dropzone--disabled"
        getDataTransferItems={[Function]}
        inputProps={Object {}}
        maxSize={Infinity}
        minSize={0}
        multiple={false}
        onDrop={[Function]}
        preventDropOnDocument={true}
      >
        <div
          aria-disabled={false}
          className="Dropzone"
          onClick={[Function]}
          onDragEnter={[Function]}
          onDragLeave={[Function]}
          onDragOver={[Function]}
          onDragStart={[Function]}
          onDrop={[Function]}
          style={
            Object {
              "position": "relative",
            }
          }
        >
          Place your file here
          <input
            accept="image/*"
            autoComplete="off"
            disabled={false}
            multiple={false}
            onChange={[Function]}
            style={
              Object {
                "bottom": 0,
                "left": 0,
                "opacity": 0.00001,
                "pointerEvents": "none",
                "position": "absolute",
                "right": 0,
                "top": 0,
              }
            }
            type="file"
          />
        </div>
      </n>
    </UploadDropzone>
  </div>
</FileUpload>
`;
