// Jest Snapshot v1, https://goo.gl/fbAQLP

exports[`<PasswordRequestForm /> renders correctly 1`] = `
<PasswordRequestForm
  dispatch={[Function]}
>
  <Form(t)
    className="Form"
    onSubmit={[Function]}
  >
    <t
      className="Form"
      getValues={[Function]}
      hideError={[Function]}
      onSubmit={[Function]}
      showError={[Function]}
      validate={[Function]}
      validateAll={[Function]}
    >
      <form
        className="Form"
        onSubmit={[Function]}
      >
        <div
          className="Form__title"
        >
          Reset Password
        </div>
        <div
          className="form-input"
        >
          <label
            className="Form__label"
          >
            Email or Username:
            <Control(s)
              name="email"
              onChange={[Function]}
              type="text"
              validations={Array []}
              value=""
            >
              <s
                name="email"
                onBlur={[Function]}
                onChange={[Function]}
                type="text"
                value=""
              >
                <div>
                  <input
                    name="email"
                    onBlur={[Function]}
                    onChange={[Function]}
                    type="text"
                    value=""
                  />
                </div>
              </s>
            </Control(s)>
          </label>
        </div>
        <div
          className="Form__buttons"
        >
          <Button(s)
            className="Form__buttons__item"
          >
            <s
              className="Form__buttons__item"
              hasErrors={false}
            >
              <button
                className="Form__buttons__item"
                disabled={false}
              >
                Submit
              </button>
            </s>
          </Button(s)>
          <Link
            className="Form__buttons__cancel"
            replace={false}
            to="/login"
          >
            <a
              className="Form__buttons__cancel"
              href="/login"
              onClick={[Function]}
            >
              Cancel
            </a>
          </Link>
        </div>
      </form>
    </t>
  </Form(t)>
</PasswordRequestForm>
`;
